// Jest Snapshot v1, https://goo.gl/fbAQLP

exports[`ArticleList Renders correctly 1`] = `
<div>
  <Article
    article={
      Object {
        "id": "a",
      }
    }
  />
  <Article
    article={
      Object {
        "id": "b",
      }
    }
  />
</div>
`;
